V3 11
FL C:/Users/vickj/XlinxsProjects/Coffee_de_campo/Coffee_Machine_S1.vhd 2022/06/23.13:59:06 P.20131013
EN work/dummy_coffee_Machine 1655991018 \
      FL C:/Users/vickj/XlinxsProjects/Coffee_de_campo/Coffee_Machine_S1.vhd \
      PB ieee/std_logic_1164 1381692176
AR work/dummy_coffee_Machine/INPUT 1655991019 \
      FL C:/Users/vickj/XlinxsProjects/Coffee_de_campo/Coffee_Machine_S1.vhd \
      EN work/dummy_coffee_Machine 1655991018
FL C:/Users/vickj/XlinxsProjects/Coffee_de_campo/Coffee_Machine_Whole.vhd 2022/06/23.13:59:06 P.20131013
EN work/COFFEE_M_W 1655991022 \
      FL C:/Users/vickj/XlinxsProjects/Coffee_de_campo/Coffee_Machine_Whole.vhd \
      PB ieee/std_logic_1164 1381692176
AR work/COFFEE_M_W/C2TB 1655991023 \
      FL C:/Users/vickj/XlinxsProjects/Coffee_de_campo/Coffee_Machine_Whole.vhd \
      EN work/COFFEE_M_W 1655991022 CP dummy_coffee_Machine CP Coffe_S2
FL C:/Users/vickj/XlinxsProjects/Coffee_de_campo/Coffe_S2.vhd 2022/06/23.13:59:06 P.20131013
EN work/Coffe_S2 1655991020 \
      FL C:/Users/vickj/XlinxsProjects/Coffee_de_campo/Coffe_S2.vhd \
      PB ieee/std_logic_1164 1381692176
AR work/Coffe_S2/Mix 1655991021 \
      FL C:/Users/vickj/XlinxsProjects/Coffee_de_campo/Coffe_S2.vhd \
      EN work/Coffe_S2 1655991020
